To honour the JVM settings for this build a single-use Daemon process will be forked. For more on this, please refer to https://docs.gradle.org/8.13/userguide/gradle_daemon.html#sec:disabling_the_daemon in the Gradle documentation.
Daemon will be stopped at the end of the build 
Configuration on demand is an incubating feature.
Calculating task graph as no cached configuration is available for tasks: assembleDebug
Type-safe project accessors is an incubating feature.
> Task :app:preBuild UP-TO-DATE
> Task :app:generateAndroidDebugBuildConfigClasses SKIPPED
> Task :shared:resources:androidPreBuild UP-TO-DATE
> Task :shared:barcodescanner:preBuild UP-TO-DATE
> Task :shared:resources:preAndroidMainBuild UP-TO-DATE
> Task :app:preDebugBuild UP-TO-DATE
> Task :shared:barcodescanner:preDebugBuild UP-TO-DATE
> Task :app:mergeDebugNativeDebugMetadata NO-SOURCE
> Task :shared:barcodescanner:convertXmlValueResourcesForAndroidMain NO-SOURCE
> Task :shared:barcodescanner:convertXmlValueResourcesForAndroidDebug NO-SOURCE
> Task :shared:barcodescanner:convertXmlValueResourcesForCommonMain NO-SOURCE
> Task :app:copyNonXmlValueResourcesForAndroidDebug NO-SOURCE
> Task :shared:resources:copyNonXmlValueResourcesForAndroidMain NO-SOURCE
> Task :shared:barcodescanner:copyNonXmlValueResourcesForAndroidDebug NO-SOURCE
> Task :app:copyNonXmlValueResourcesForAndroidMain NO-SOURCE
> Task :app:convertXmlValueResourcesForAndroidMain NO-SOURCE
> Task :shared:barcodescanner:copyNonXmlValueResourcesForAndroidMain NO-SOURCE
> Task :app:convertXmlValueResourcesForAndroidDebug NO-SOURCE
> Task :app:prepareComposeResourcesTaskForAndroidMain NO-SOURCE
> Task :app:prepareComposeResourcesTaskForAndroidDebug NO-SOURCE
> Task :shared:barcodescanner:prepareComposeResourcesTaskForAndroidDebug NO-SOURCE
> Task :shared:barcodescanner:prepareComposeResourcesTaskForAndroidMain NO-SOURCE
> Task :shared:barcodescanner:copyNonXmlValueResourcesForCommonMain NO-SOURCE
> Task :app:generateResourceAccessorsForAndroidMain NO-SOURCE
> Task :app:generateResourceAccessorsForAndroidDebug NO-SOURCE
> Task :shared:resources:convertXmlValueResourcesForAndroidMain NO-SOURCE
> Task :shared:barcodescanner:prepareComposeResourcesTaskForCommonMain NO-SOURCE
> Task :shared:resources:prepareComposeResourcesTaskForAndroidMain NO-SOURCE
> Task :app:kmpPartiallyResolvedDependenciesChecker
> Task :shared:barcodescanner:kmpPartiallyResolvedDependenciesChecker
> Task :shared:resources:kmpPartiallyResolvedDependenciesChecker
> Task :app:checkKotlinGradlePluginConfigurationErrors SKIPPED
> Task :shared:barcodescanner:checkKotlinGradlePluginConfigurationErrors SKIPPED
> Task :shared:barcodescanner:generateResourceAccessorsForAndroidMain NO-SOURCE
> Task :shared:barcodescanner:generateResourceAccessorsForCommonMain NO-SOURCE
> Task :app:createDebugCompatibleScreenManifests
> Task :shared:resources:generateAndroidMainEmptyResourceFiles
> Task :shared:resources:checkKotlinGradlePluginConfigurationErrors SKIPPED
> Task :shared:barcodescanner:generateResourceAccessorsForAndroidDebug NO-SOURCE
> Task :shared:resources:generateResourceAccessorsForAndroidMain NO-SOURCE
> Task :shared:barcodescanner:copyDebugComposeResourcesToAndroidAssets
> Task :shared:barcodescanner:generateDebugResValues FROM-CACHE
> Task :app:generateDebugResValues FROM-CACHE
> Task :shared:barcodescanner:processDebugNavigationResources FROM-CACHE
> Task :app:generateBuildConfigClasses FROM-CACHE
> Task :app:javaPreCompileDebug FROM-CACHE
> Task :shared:barcodescanner:processDebugManifest FROM-CACHE
> Task :shared:barcodescanner:javaPreCompileDebug FROM-CACHE
> Task :shared:resources:processAndroidMainManifest FROM-CACHE
> Task :app:debugAssetsCopyForAGP NO-SOURCE
> Task :shared:barcodescanner:debugAssetsCopyForAGP NO-SOURCE
> Task :shared:resources:generateAndroidMainAssets UP-TO-DATE
> Task :shared:barcodescanner:generateDebugResources FROM-CACHE
> Task :shared:barcodescanner:extractDeepLinksDebug FROM-CACHE
> Task :app:extractDeepLinksDebug FROM-CACHE
> Task :shared:barcodescanner:writeDebugAarMetadata
> Task :app:desugarDebugFileDependencies FROM-CACHE
> Task :shared:barcodescanner:packageDebugResources FROM-CACHE
> Task :shared:barcodescanner:compileDebugLibraryResources FROM-CACHE
> Task :app:generateComposeResClass
> Task :shared:resources:generateExpectResourceCollectorsForCommonMain
> Task :shared:barcodescanner:generateExpectResourceCollectorsForCommonMain
> Task :shared:barcodescanner:generateComposeResClass
> Task :shared:resources:generateComposeResClass
> Task :app4:preBuild UP-TO-DATE
> Task :app4:preDebugBuild UP-TO-DATE
> Task :shared:barcodescanner:generateActualResourceCollectorsForAndroidMain
> Task :app4:mergeDebugNativeDebugMetadata NO-SOURCE
> Task :app4:kmpPartiallyResolvedDependenciesChecker
> Task :app4:checkKotlinGradlePluginConfigurationErrors SKIPPED
> Task :app4:convertXmlValueResourcesForAndroidMain NO-SOURCE
> Task :app4:copyNonXmlValueResourcesForAndroidMain NO-SOURCE
> Task :app4:convertXmlValueResourcesForCommonMain NO-SOURCE
> Task :app:generateExpectResourceCollectorsForCommonMain
> Task :app4:copyNonXmlValueResourcesForCommonMain NO-SOURCE
> Task :app4:prepareComposeResourcesTaskForCommonMain NO-SOURCE
> Task :app4:generateResourceAccessorsForCommonMain NO-SOURCE
> Task :app:generateDebugResources FROM-CACHE
> Task :app:writeDebugAppMetadata
> Task :app4:generateComposeResClass
> Task :app4:convertXmlValueResourcesForAndroidDebug NO-SOURCE
> Task :app4:generateDebugBuildConfig FROM-CACHE
> Task :app4:generateExpectResourceCollectorsForCommonMain
> Task :app4:copyNonXmlValueResourcesForAndroidDebug NO-SOURCE
> Task :app4:generateDebugResValues FROM-CACHE
> Task :app4:prepareComposeResourcesTaskForAndroidDebug NO-SOURCE
> Task :app4:generateResourceAccessorsForAndroidDebug NO-SOURCE
> Task :app4:prepareComposeResourcesTaskForAndroidMain NO-SOURCE
> Task :shared:barcodescanner:parseDebugLocalResources FROM-CACHE
> Task :app4:generateResourceAccessorsForAndroidMain NO-SOURCE
> Task :app4:extractDeepLinksDebug FROM-CACHE
> Task :app4:createDebugCompatibleScreenManifests
> Task :app4:copyDebugComposeResourcesToAndroidAssets
> Task :app:writeDebugSigningConfigVersions
> Task :shared:barcodescanner:generateDebugRFile FROM-CACHE
> Task :app4:generateActualResourceCollectorsForAndroidMain
> Task :app4:debugAssetsCopyForAGP NO-SOURCE
> Task :app4:javaPreCompileDebug FROM-CACHE
> Task :app4:desugarDebugFileDependencies FROM-CACHE
> Task :app4:generateDebugResources FROM-CACHE
> Task :app:copyNonXmlValueResourcesForCommonMain
> Task :app:convertXmlValueResourcesForCommonMain NO-SOURCE
> Task :app4:packageDebugResources FROM-CACHE
> Task :app4:writeDebugAppMetadata
> Task :app4:writeDebugSigningConfigVersions
> Task :app:prepareComposeResourcesTaskForCommonMain
> Task :shared:barcodescanner:extractDeepLinksForAarDebug FROM-CACHE
> Task :app4:validateSigningDebug
> Task :app:validateSigningDebug
> Task :shared:barcodescanner:prepareDebugArtProfile
> Task :app:generateResourceAccessorsForCommonMain
> Task :app:generateActualResourceCollectorsForAndroidMain
> Task :shared:barcodescanner:prepareLintJarForPublish
> Task :shared:resources:mergeAndroidMainJniLibFolders
> Task :app4:mergeDebugJniLibFolders
> Task :app4:mergeDebugShaders
> Task :app4:compileDebugShaders NO-SOURCE
> Task :shared:resources:mergeAndroidMainNativeLibs NO-SOURCE
> Task :shared:barcodescanner:mergeDebugShaders
> Task :app4:generateDebugAssets UP-TO-DATE
> Task :shared:barcodescanner:compileDebugShaders NO-SOURCE
> Task :shared:barcodescanner:generateDebugAssets UP-TO-DATE
> Task :shared:barcodescanner:mergeDebugJniLibFolders
> Task :shared:barcodescanner:mergeDebugNativeLibs NO-SOURCE
> Task :app:mergeDebugJniLibFolders
> Task :shared:barcodescanner:stripDebugDebugSymbols NO-SOURCE
> Task :app:copyDebugComposeResourcesToAndroidAssets
> Task :app:mergeDebugShaders
> Task :shared:barcodescanner:mergeDebugAssets
> Task :shared:resources:writeAndroidMainAarMetadata
> Task :app:compileDebugShaders NO-SOURCE
> Task :app:generateDebugAssets UP-TO-DATE
> Task :shared:resources:convertXmlValueResourcesForCommonMain
> Task :app:packageDebugResources FROM-CACHE
> Task :app:processDebugNavigationResources FROM-CACHE
> Task :app:compileDebugNavigationResources FROM-CACHE
> Task :app:parseDebugLocalResources FROM-CACHE
> Task :shared:resources:copyAndroidMainJniLibsProjectOnly
> Task :shared:barcodescanner:copyDebugJniLibsProjectAndLocalJars
> Task :shared:barcodescanner:copyDebugJniLibsProjectOnly
> Task :app:processDebugMainManifest FROM-CACHE
> Task :app:processDebugManifest FROM-CACHE
> Task :app:processDebugManifestForPackage FROM-CACHE
> Task :shared:barcodescanner:dataBindingMergeDependencyArtifactsDebug
> Task :shared:barcodescanner:checkDebugAarMetadata
> Task :app:checkDebugAarMetadata
> Task :app4:processDebugNavigationResources FROM-CACHE
> Task :app:checkDebugDuplicateClasses
> Task :app4:compileDebugNavigationResources FROM-CACHE
> Task :app4:parseDebugLocalResources FROM-CACHE
> Task :shared:resources:copyNonXmlValueResourcesForCommonMain
> Task :shared:resources:prepareComposeResourcesTaskForCommonMain
> Task :app4:checkDebugDuplicateClasses
> Task :app4:checkDebugAarMetadata
> Task :app4:processDebugMainManifest FROM-CACHE
> Task :app4:processDebugManifest FROM-CACHE
> Task :app4:processDebugManifestForPackage FROM-CACHE
> Task :app4:mergeDebugNativeLibs
> Task :app:mergeDebugNativeLibs
> Task :shared:resources:copyAndroidMainComposeResourcesToAndroidAssets
> Task :shared:resources:packageAndroidMainResources FROM-CACHE
> Task :shared:resources:parseAndroidMainLocalResources FROM-CACHE
> Task :shared:resources:compileAndroidMainLibraryResources FROM-CACHE
> Task :shared:resources:generateAndroidMainRFile FROM-CACHE
> Task :app4:mapDebugSourceSetPaths
> Task :app:mapDebugSourceSetPaths

> Task :app4:stripDebugDebugSymbols
Unable to strip the following libraries, packaging them as they are: libandroidx.graphics.path.so, libdatastore_shared_counter.so, libsqlite3x.so. Run with --info option to learn more.

> Task :app:stripDebugDebugSymbols
Unable to strip the following libraries, packaging them as they are: libandroidx.graphics.path.so, libdatastore_shared_counter.so, libsqlite3x.so. Run with --info option to learn more.

> Task :shared:barcodescanner:dataBindingGenBaseClassesDebug FROM-CACHE
> Task :shared:resources:generateResourceAccessorsForCommonMain
> Task :shared:resources:mergeAndroidMainAssets
> Task :shared:resources:generateActualResourceCollectorsForAndroidMain
> Task :app:mergeDebugResources FROM-CACHE
> Task :app4:mergeDebugResources FROM-CACHE
> Task :app:mergeExtDexDebug FROM-CACHE
> Task :app4:mergeDebugAssets
> Task :app:mergeDebugAssets
> Task :app:processDebugResources FROM-CACHE
> Task :app4:mergeExtDexDebug FROM-CACHE
> Task :app4:processDebugResources FROM-CACHE
> Task :app4:compressDebugAssets
> Task :app:compressDebugAssets
> Task :shared:resources:compileAndroidMain
> Task :shared:resources:processAndroidMainJavaRes
> Task :shared:resources:bundleLibRuntimeToDirAndroidMain
> Task :shared:resources:bundleAndroidMainClassesToRuntimeJar
> Task :shared:resources:bundleAndroidMainClassesToCompileJar
> Task :shared:barcodescanner:compileDebugKotlinAndroid
> Task :shared:barcodescanner:processDebugJavaRes
> Task :shared:barcodescanner:mergeDebugJavaResource
> Task :shared:barcodescanner:extractDebugAnnotations
> Task :shared:barcodescanner:compileDebugJavaWithJavac
> Task :shared:barcodescanner:mergeDebugGeneratedProguardFiles
> Task :shared:barcodescanner:mergeDebugConsumerProguardFiles
> Task :shared:barcodescanner:syncDebugLibJars FROM-CACHE
> Task :shared:barcodescanner:bundleLibRuntimeToJarDebug
> Task :shared:barcodescanner:bundleLibCompileToJarDebug
> Task :shared:barcodescanner:bundleLibRuntimeToDirDebug
> Task :shared:barcodescanner:bundleDebugAar
> Task :shared:barcodescanner:assembleDebug
> Task :app:mergeLibDexDebug
> Task :app4:mergeLibDexDebug
> Task :app4:kspDebugKotlinAndroid
> Task :app:kspDebugKotlinAndroid
> Task :app4:compileDebugKotlinAndroid
> Task :app:compileDebugKotlinAndroid
> Task :app4:processDebugJavaRes

> Task :app:compileDebugKotlinAndroid
w: ATTENTION!
This build uses unsafe internal compiler arguments:

-XXLanguage:+ExpectActualClasses
-XXLanguage:+ContextParameters

This mode is not recommended for production use,
as no stability/compatibility guarantees are given on
compiler or generated code. Use it at your own risk!


> Task :app4:compileDebugJavaWithJavac
> Task :app4:mergeDebugJavaResource
> Task :app4:copyRoomSchemas NO-SOURCE
> Task :app:compileDebugJavaWithJavac NO-SOURCE
> Task :app:copyRoomSchemas NO-SOURCE
> Task :app:processDebugJavaRes
> Task :app:mergeDebugJavaResource
> Task :app4:dexBuilderDebug
> Task :app4:mergeProjectDexDebug
> Task :app4:mergeDebugGlobalSynthetics FROM-CACHE
> Task :app:dexBuilderDebug
> Task :app:mergeDebugGlobalSynthetics FROM-CACHE
> Task :app4:packageDebug
> Task :app4:assembleDebug
> Task :app4:createDebugApkListingFileRedirect
> Task :app:mergeProjectDexDebug
> Task :app:packageDebug
> Task :app:assembleDebug
> Task :app:createDebugApkListingFileRedirect

BUILD SUCCESSFUL in 2m 20s
155 actionable tasks: 103 executed, 52 from cache
Configuration cache entry stored.
