To honour the JVM settings for this build a single-use Daemon process will be forked. For more on this, please refer to https://docs.gradle.org/9.0-milestone-1/userguide/gradle_daemon.html#sec:disabling_the_daemon in the Gradle documentation.
Daemon will be stopped at the end of the build 
Configuration on demand is an incubating feature.
Calculating task graph as no cached configuration is available for tasks: assembleDebug
> Task :app:preBuild UP-TO-DATE
> Task :app:preDebugBuild UP-TO-DATE
> Task :app:mergeDebugNativeDebugMetadata NO-SOURCE
> Task :app:processDebugJavaRes NO-SOURCE
> Task :app:writeDebugAppMetadata
> Task :app:writeDebugSigningConfigVersions
> Task :app:createDebugCompatibleScreenManifests
> Task :app:mergeDebugJniLibFolders
> Task :app:mergeDebugShaders
> Task :app:compileDebugShaders NO-SOURCE
> Task :app:generateDebugAssets UP-TO-DATE
> Task :app:javaPreCompileDebug
> Task :app:generateDebugResValues
> Task :app:generateDebugBuildConfig
> Task :app:generateDebugResources
> Task :app:validateSigningDebug
> Task :app:packageDebugResources
> Task :app:extractDeepLinksDebug
> Task :app:checkDebugDuplicateClasses
> Task :app:mergeLibDexDebug
> Task :app:mergeDebugNativeLibs NO-SOURCE
> Task :app:stripDebugDebugSymbols NO-SOURCE
> Task :app:mapDebugSourceSetPaths
> Task :app:processDebugNavigationResources
> Task :app:checkDebugAarMetadata
> Task :app:compileDebugNavigationResources
> Task :app:mergeDebugAssets
> Task :app:compressDebugAssets
> Task :app:processDebugMainManifest
> Task :app:desugarDebugFileDependencies
> Task :app:parseDebugLocalResources
> Task :app:processDebugManifest
> Task :app:mergeDebugJavaResource
> Task :app:processDebugManifestForPackage
> Task :app:mergeDebugResources
> Task :app:mergeExtDexDebug
> Task :app:processDebugResources

> Task :app:compileDebugJavaWithJavac

> Task :app:dexBuilderDebug
> Task :app:mergeProjectDexDebug
> Task :app:packageDebug
> Task :app:assembleDebug
> Task :app:createDebugApkListingFileRedirect

[Incubating] Problems report is available at: file:///D:/benchmark/benchmark_root/workspace/app_newsreader/task_001/build/reports/problems/problems-report.html

Deprecated Gradle features were used in this build, making it incompatible with Gradle 10.0.

You can use '--warning-mode all' to show the individual deprecation warnings and determine if they come from your own scripts or plugins.

For more on this, please refer to https://docs.gradle.org/9.0-milestone-1/userguide/command_line_interface.html#sec:command_line_warnings in the Gradle documentation.

BUILD SUCCESSFUL in 2m 11s
34 actionable tasks: 34 executed
Configuration cache entry stored.
